// Jest Snapshot v1, https://goo.gl/fbAQLP

exports[`TaskCardForm component test suite TaskCardForm component snapshot test 1`] = `ShallowWrapper {}`;
