// Jest Snapshot v1, https://goo.gl/fbAQLP

exports[`Button component test suite Button component snapshot test 1`] = `ShallowWrapper {}`;
