// Jest Snapshot v1, https://goo.gl/fbAQLP

exports[`TaskList component test suite TaskList component snapshot test 1`] = `ShallowWrapper {}`;
