// Jest Snapshot v1, https://goo.gl/fbAQLP

exports[`Navbar component test suite Navbar component snapshot test 1`] = `ShallowWrapper {}`;
