// Jest Snapshot v1, https://goo.gl/fbAQLP

exports[`Home component test suite home component snapshot test 1`] = `ShallowWrapper {}`;
