// Jest Snapshot v1, https://goo.gl/fbAQLP

exports[`AppModal component test suite AppModal component snapshot test 1`] = `ShallowWrapper {}`;
