// Jest Snapshot v1, https://goo.gl/fbAQLP

exports[`AppRoutes component test suite AppRoutes component snapshot test 1`] = `ShallowWrapper {}`;
