// Jest Snapshot v1, https://goo.gl/fbAQLP

exports[`Input component test suite Input component snapshot test 1`] = `ShallowWrapper {}`;
