// Jest Snapshot v1, https://goo.gl/fbAQLP

exports[`RemoveIcon component test suite RemoveIcon component snapshot test 1`] = `ShallowWrapper {}`;
