// Jest Snapshot v1, https://goo.gl/fbAQLP

exports[`TaskForm component test suite TaskForm component snapshot test 1`] = `ShallowWrapper {}`;
