// Jest Snapshot v1, https://goo.gl/fbAQLP

exports[`Task component test suite Task component snapshot test 1`] = `ShallowWrapper {}`;
